// Jest Snapshot v1, https://goo.gl/fbAQLP

exports[`New point field Component create render snap 1`] = `
<div
  className="help-card"
>
  <h3
    className="help-card__title"
  >
    test title
  </h3>
  <div
    className="help-card__image-section"
  >
    <img
      alt="test title"
      className="help-card__image"
      src=""
    />
  </div>
  <p
    align="justify"
    className="help-card__text"
  >
    test text first
    test text second
  </p>
</div>
`;
