// Jest Snapshot v1, https://goo.gl/fbAQLP

exports[`ErrorPage Component render snap 1`] = `
<section
  className="error-page"
>
  <p
    className="error-page__number-404"
  >
    Точка
    <span
      className="error-page__number-404--big"
    >
       404
    </span>
  </p>
  <header
    className="error-page__header"
  >
    <h2
      className="error-page__title"
    >
      Внимание! Вы ушли с маршрута... 
    </h2>
  </header>
  <p
    className="error-page__text"
  >
    Вероятно, была выбрана неверная ссылка в адресной строке. Чтобы вернуться в приложение перейдите по ссылке:
    <a
      className="error-page__link"
      href="/"
      onClick={[Function]}
    >
      Вернуться в приложение
    </a>
  </p>
</section>
`;
